client/src/common/components/dialogs/bulk-upload-dialog.tsx(156,7): error TS2322: Type '{ row: number; error: string; data: object | null; }[]' is not assignable to type 'BulkUploadError[]'.
  Type '{ row: number; error: string; data: object | null; }' is not assignable to type 'BulkUploadError'.
    Types of property 'data' are incompatible.
      Type 'object | null' is not assignable to type 'Record<string, unknown>'.
        Type 'null' is not assignable to type 'Record<string, unknown>'.
client/src/common/components/dialogs/bulk-upload-dialog.tsx(162,40): error TS2769: No overload matches this call.
  Overload 1 of 2, '(o: {}): string[]', gave the following error.
    Argument of type 'object | null' is not assignable to parameter of type '{}'.
      Type 'null' is not assignable to type '{}'.
  Overload 2 of 2, '(o: object): string[]', gave the following error.
    Argument of type 'object | null' is not assignable to parameter of type 'object'.
      Type 'null' is not assignable to type 'object'.
client/src/common/components/dialogs/bulk-upload-dialog.tsx(163,26): error TS18047: 'errorData' is possibly 'null'.
client/src/common/components/dialogs/bulk-upload-dialog.tsx(163,26): error TS7053: Element implicitly has an 'any' type because expression of type 'string' can't be used to index type '{}'.
  No index signature with a parameter of type 'string' was found on type '{}'.
client/src/common/components/dialogs/bulk-upload-dialog.tsx(261,46): error TS18048: 'result.created_count' is possibly 'undefined'.
client/src/common/components/dialogs/bulk-upload-dialog.tsx(290,31): error TS2339: Property 'message' does not exist on type '{}'.
client/src/components/auth/login-form.tsx(22,41): error TS2307: Cannot find module '@/lib/types' or its corresponding type declarations.
client/src/components/ui/address-autocomplete.tsx(44,34): error TS2503: Cannot find namespace 'google'.
client/src/components/ui/address-autocomplete.tsx(94,9): error TS2304: Cannot find name 'google'.
client/src/components/ui/calendar.tsx(14,3): error TS2322: Type '"buttons"' is not assignable to type '"label" | "dropdown" | "dropdown-months" | "dropdown-years"'.
client/src/components/ui/searchable-select.tsx(66,34): error TS18046: 'child.props' is of type 'unknown'.
client/src/components/ui/searchable-select.tsx(67,13): error TS18046: 'child.props' is of type 'unknown'.
client/src/components/ui/searchable-select.tsx(69,28): error TS18046: 'child.props' is of type 'unknown'.
client/src/components/ui/select.tsx(91,35): error TS2339: Property 'children' does not exist on type '{}'.
client/src/components/ui/select.tsx(92,36): error TS2339: Property 'children' does not exist on type '{}'.
client/src/components/ui/select.tsx(116,47): error TS18046: 'node.props' is of type 'unknown'.
client/src/components/ui/select.tsx(117,37): error TS18046: 'node.props' is of type 'unknown'.
client/src/components/ui/select.tsx(125,44): error TS18046: 'child.props' is of type 'unknown'.
client/src/components/ui/select.tsx(126,37): error TS18046: 'child.props' is of type 'unknown'.
client/src/components/ui/select.tsx(136,26): error TS2339: Property 'children' does not exist on type '{}'.
client/src/components/ui/select.tsx(137,69): error TS2339: Property 'children' does not exist on type '{}'.
client/src/components/ui/select.tsx(141,15): error TS2769: No overload matches this call.
  The last overload gave the following error.
    Object literal may only specify known properties, and 'children' does not exist in type 'Partial<unknown> & Attributes'.
client/src/components/ui/sidebar.tsx(518,13): error TS2698: Spread types may only be created from object types.
client/src/features/attendance/components/calendar-exception-management.tsx(91,70): error TS2345: Argument of type 'CalendarExceptionFilters' is not assignable to parameter of type 'Record<string, unknown>'.
  Index signature for type 'string' is missing in type 'CalendarExceptionFilters'.
client/src/features/auth/components/login-form.tsx(63,15): error TS2352: Conversion of type '{ [key: string]: unknown; full_name: string; }' to type 'User' may be a mistake because neither type sufficiently overlaps with the other. If this was intentional, convert the expression to 'unknown' first.
  Type '{ [key: string]: unknown; full_name: string; }' is missing the following properties from type 'User': public_id, username, email, role
client/src/features/auth/components/password-reset.tsx(35,38): error TS2339: Property 'PASSWORDS_DO_NOT_MATCH' does not exist on type '{ readonly REQUIRED_FIELD: "This field is required."; readonly INVALID_EMAIL: "Please enter a valid email address."; readonly INVALID_PHONE: "Please enter a valid phone number."; ... 9 more ...; readonly ORG_EMAIL_REQUIRED: "Organization email is required."; }'.
client/src/features/auth/components/password-reset.tsx(71,11): error TS18046: 'response' is of type 'unknown'.
client/src/features/auth/components/password-reset.tsx(73,29): error TS18046: 'response' is of type 'unknown'.
client/src/features/auth/components/password-reset.tsx(76,24): error TS18046: 'response' is of type 'unknown'.
client/src/features/auth/components/password-reset.tsx(97,9): error TS2322: Type 'string' is not assignable to type '"Failed to send reset code. Please try again."'.
client/src/features/auth/components/password-reset.tsx(99,9): error TS2322: Type 'string' is not assignable to type '"Failed to send reset code. Please try again."'.
client/src/features/auth/components/password-reset.tsx(101,9): error TS2322: Type 'string' is not assignable to type '"Failed to send reset code. Please try again."'.
client/src/features/auth/components/password-reset.tsx(103,9): error TS2322: Type 'string' is not assignable to type '"Failed to send reset code. Please try again."'.
client/src/features/auth/components/password-reset.tsx(105,9): error TS2322: Type 'string' is not assignable to type '"Failed to send reset code. Please try again."'.
client/src/features/auth/components/password-reset.tsx(107,9): error TS2322: Type 'string' is not assignable to type '"Failed to send reset code. Please try again."'.
client/src/features/auth/components/password-reset.tsx(135,11): error TS18046: 'response' is of type 'unknown'.
client/src/features/auth/components/password-reset.tsx(169,9): error TS2322: Type 'string' is not assignable to type '"Failed to reset password. Please try again."'.
client/src/features/auth/components/password-reset.tsx(175,9): error TS2322: Type 'string' is not assignable to type '"Failed to reset password. Please try again."'.
client/src/features/auth/components/password-reset.tsx(181,9): error TS2322: Type 'string' is not assignable to type '"Failed to reset password. Please try again."'.
client/src/features/auth/components/password-reset.tsx(183,9): error TS2322: Type 'string' is not assignable to type '"Failed to reset password. Please try again."'.
client/src/features/auth/components/password-reset.tsx(185,9): error TS2322: Type 'string' is not assignable to type '"Failed to reset password. Please try again."'.
client/src/features/auth/components/password-reset.tsx(187,9): error TS2322: Type 'string' is not assignable to type '"Failed to reset password. Please try again."'.
client/src/features/auth/components/password-reset.tsx(190,9): error TS2322: Type 'string' is not assignable to type '"Failed to reset password. Please try again."'.
client/src/features/auth/components/signup-wizard.tsx(127,38): error TS2339: Property 'PASSWORDS_DO_NOT_MATCH' does not exist on type '{ readonly REQUIRED_FIELD: "This field is required."; readonly INVALID_EMAIL: "Please enter a valid email address."; readonly INVALID_PHONE: "Please enter a valid phone number."; ... 9 more ...; readonly ORG_EMAIL_REQUIRED: "Organization email is required."; }'.
client/src/features/auth/components/signup-wizard.tsx(227,11): error TS18046: 'response' is of type 'unknown'.
client/src/features/auth/components/signup-wizard.tsx(247,34): error TS2339: Property 'errors' does not exist on type '{}'.
client/src/features/auth/components/signup-wizard.tsx(247,51): error TS2339: Property 'response' does not exist on type '{}'.
client/src/features/auth/components/signup-wizard.tsx(247,76): error TS2339: Property 'data' does not exist on type '{}'.
client/src/features/auth/components/signup-wizard.tsx(284,37): error TS2339: Property 'message' does not exist on type '{}'.
client/src/features/auth/components/signup-wizard.tsx(288,35): error TS2339: Property 'message' does not exist on type '{}'.
client/src/features/auth/components/signup-wizard.tsx(331,33): error TS2339: Property 'message' does not exist on type '{ success: string | boolean; }'.
client/src/features/auth/components/signup-wizard.tsx(415,9): error TS18046: 'response' is of type 'unknown'.
client/src/features/auth/components/signup-wizard.tsx(416,9): error TS18046: 'response' is of type 'unknown'.
client/src/features/auth/components/signup-wizard.tsx(420,21): error TS18046: 'response' is of type 'unknown'.
client/src/features/auth/components/signup-wizard.tsx(421,29): error TS18046: 'response' is of type 'unknown'.
client/src/features/auth/components/signup-wizard.tsx(422,18): error TS18046: 'response' is of type 'unknown'.
client/src/features/auth/components/signup-wizard.tsx(441,27): error TS18046: 'error' is of type 'unknown'.
client/src/features/auth/components/signup-wizard.tsx(464,34): error TS2345: Argument of type 'string' is not assignable to parameter of type '"root" | `root.${string}` | "password" | "city" | "state" | "country" | "orgName" | "orgType" | "orgPhoneNumber" | "orgWebsite" | "boardAffiliation" | "legalEntity" | "agentReferral" | ... 8 more ... | "notificationOptIn"'.
client/src/features/auth/components/signup-wizard.tsx(487,34): error TS2345: Argument of type 'string' is not assignable to parameter of type '"root" | `root.${string}` | "password" | "city" | "state" | "country" | "orgName" | "orgType" | "orgPhoneNumber" | "orgWebsite" | "boardAffiliation" | "legalEntity" | "agentReferral" | ... 8 more ... | "notificationOptIn"'.
client/src/features/auth/components/signup-wizard.tsx(506,34): error TS2345: Argument of type 'string' is not assignable to parameter of type '"root" | `root.${string}` | "password" | "city" | "state" | "country" | "orgName" | "orgType" | "orgPhoneNumber" | "orgWebsite" | "boardAffiliation" | "legalEntity" | "agentReferral" | ... 8 more ... | "notificationOptIn"'.
client/src/features/auth/components/signup-wizard.tsx(656,17): error TS2322: Type 'UseFormRegister<{ adminOtp: string; orgOtp: string; }>' is not assignable to type 'UseFormRegister<FieldValues>'.
  Types of parameters 'options' and 'options' are incompatible.
    Type 'RegisterOptions<FieldValues, any> | undefined' is not assignable to type 'RegisterOptions<{ adminOtp: string; orgOtp: string; }, any> | undefined'.
      Type 'Partial<{ required: string | ValidationRule<boolean>; min: ValidationRule<string | number>; max: ValidationRule<string | number>; ... 9 more ...; deps: string | string[]; }> & { ...; }' is not assignable to type 'RegisterOptions<{ adminOtp: string; orgOtp: string; }, any> | undefined'.
        Type 'Partial<{ required: string | ValidationRule<boolean>; min: ValidationRule<string | number>; max: ValidationRule<string | number>; ... 9 more ...; deps: string | string[]; }> & { ...; }' is not assignable to type '(Partial<{ required: string | ValidationRule<boolean>; min: ValidationRule<string | number>; max: ValidationRule<string | number>; ... 9 more ...; deps: "adminOtp" | ... 1 more ... | ("adminOtp" | "orgOtp")[]; }> & { ...; }) | (Partial<...> & { ...; }) | (Partial<...> & { ...; })'.
          Type 'Partial<{ required: string | ValidationRule<boolean>; min: ValidationRule<string | number>; max: ValidationRule<string | number>; ... 9 more ...; deps: string | string[]; }> & { ...; }' is not assignable to type 'Partial<{ required: string | ValidationRule<boolean>; min: ValidationRule<string | number>; max: ValidationRule<string | number>; ... 9 more ...; deps: "adminOtp" | ... 1 more ... | ("adminOtp" | "orgOtp")[]; }> & { ...; }'.
            Type 'Partial<{ required: string | ValidationRule<boolean>; min: ValidationRule<string | number>; max: ValidationRule<string | number>; ... 9 more ...; deps: string | string[]; }> & { ...; }' is not assignable to type 'Partial<{ required: string | ValidationRule<boolean>; min: ValidationRule<string | number>; max: ValidationRule<string | number>; ... 9 more ...; deps: "adminOtp" | ... 1 more ... | ("adminOtp" | "orgOtp")[]; }>'.
              Types of property 'deps' are incompatible.
                Type 'string | string[] | undefined' is not assignable to type '"adminOtp" | "orgOtp" | ("adminOtp" | "orgOtp")[] | undefined'.
                  Type 'string' is not assignable to type '"adminOtp" | "orgOtp" | ("adminOtp" | "orgOtp")[] | undefined'.
client/src/features/auth/components/signup-wizard.tsx(668,17): error TS2322: Type 'UseFormRegister<{ adminOtp: string; orgOtp: string; }>' is not assignable to type 'UseFormRegister<FieldValues>'.
  Types of parameters 'options' and 'options' are incompatible.
    Type 'RegisterOptions<FieldValues, any> | undefined' is not assignable to type 'RegisterOptions<{ adminOtp: string; orgOtp: string; }, any> | undefined'.
      Type 'Partial<{ required: string | ValidationRule<boolean>; min: ValidationRule<string | number>; max: ValidationRule<string | number>; ... 9 more ...; deps: string | string[]; }> & { ...; }' is not assignable to type 'RegisterOptions<{ adminOtp: string; orgOtp: string; }, any> | undefined'.
        Type 'Partial<{ required: string | ValidationRule<boolean>; min: ValidationRule<string | number>; max: ValidationRule<string | number>; ... 9 more ...; deps: string | string[]; }> & { ...; }' is not assignable to type '(Partial<{ required: string | ValidationRule<boolean>; min: ValidationRule<string | number>; max: ValidationRule<string | number>; ... 9 more ...; deps: "adminOtp" | ... 1 more ... | ("adminOtp" | "orgOtp")[]; }> & { ...; }) | (Partial<...> & { ...; }) | (Partial<...> & { ...; })'.
          Type 'Partial<{ required: string | ValidationRule<boolean>; min: ValidationRule<string | number>; max: ValidationRule<string | number>; ... 9 more ...; deps: string | string[]; }> & { ...; }' is not assignable to type 'Partial<{ required: string | ValidationRule<boolean>; min: ValidationRule<string | number>; max: ValidationRule<string | number>; ... 9 more ...; deps: "adminOtp" | ... 1 more ... | ("adminOtp" | "orgOtp")[]; }> & { ...; }'.
            Type 'Partial<{ required: string | ValidationRule<boolean>; min: ValidationRule<string | number>; max: ValidationRule<string | number>; ... 9 more ...; deps: string | string[]; }> & { ...; }' is not assignable to type 'Partial<{ required: string | ValidationRule<boolean>; min: ValidationRule<string | number>; max: ValidationRule<string | number>; ... 9 more ...; deps: "adminOtp" | ... 1 more ... | ("adminOtp" | "orgOtp")[]; }>'.
              Types of property 'deps' are incompatible.
                Type 'string | string[] | undefined' is not assignable to type '"adminOtp" | "orgOtp" | ("adminOtp" | "orgOtp")[] | undefined'.
                  Type 'string' is not assignable to type '"adminOtp" | "orgOtp" | ("adminOtp" | "orgOtp")[] | undefined'.
client/src/features/classes/components/admin/bulk-upload-classes.tsx(34,7): error TS2322: Type '(file: File) => Promise<unknown>' is not assignable to type '(file: File) => Promise<BulkUploadResponse>'.
  Type 'Promise<unknown>' is not assignable to type 'Promise<BulkUploadResponse>'.
    Type 'unknown' is not assignable to type 'BulkUploadResponse'.
client/src/features/classes/components/admin/classes-list.tsx(220,27): error TS2554: Expected 3 arguments, but got 2.
client/src/features/classes/components/admin/classes-table-columns.tsx(80,24): error TS7006: Parameter 'classData' implicitly has an 'any' type.
client/src/features/classes/components/common/class-form.tsx(17,41): error TS2307: Cannot find module '@/lib/types/class' or its corresponding type declarations.
client/src/features/classes/components/common/class-form.tsx(165,24): error TS18046: 'error' is of type 'unknown'.
client/src/features/classes/components/common/single-class-form.tsx(121,64): error TS2345: Argument of type 'UseFormSetError<{ name: string; capacity?: number | null | undefined; class_master?: number | undefined; class_teacher?: string | null | undefined; info?: string | null | undefined; }>' is not assignable to parameter of type 'UseFormSetError<FieldValues>'.
  Types of parameters 'name' and 'name' are incompatible.
    Type 'string' is not assignable to type '"capacity" | `root.${string}` | "root" | "class_master" | "name" | "class_teacher" | "info"'.
client/src/features/classes/components/common/single-class-form.tsx(122,64): error TS2345: Argument of type 'UseFormSetError<{ name: string; capacity?: number | null | undefined; class_master?: number | undefined; class_teacher?: string | null | undefined; info?: string | null | undefined; }>' is not assignable to parameter of type 'UseFormSetError<FieldValues>'.
  Types of parameters 'name' and 'name' are incompatible.
    Type 'string' is not assignable to type '"capacity" | `root.${string}` | "root" | "class_master" | "name" | "class_teacher" | "info"'.
client/src/features/classes/components/common/single-class-form.tsx(267,19): error TS2322: Type 'Control<{ name: string; capacity?: number | null | undefined; class_master?: number | undefined; class_teacher?: string | null | undefined; info?: string | null | undefined; }, any, { name: string; capacity?: number | ... 1 more ... | undefined; class_master?: number | undefined; class_teacher?: string | ... 1 more ...' is not assignable to type 'Control<FieldValues>'.
  The types of '_subjects.state' are incompatible between these types.
    Type 'FormStateSubjectRef<{ name: string; capacity?: number | null | undefined; class_master?: number | undefined; class_teacher?: string | null | undefined; info?: string | null | undefined; }>' is not assignable to type 'FormStateSubjectRef<FieldValues>'.
      Type 'FormStateSubjectRef<{ name: string; capacity?: number | null | undefined; class_master?: number | undefined; class_teacher?: string | null | undefined; info?: string | null | undefined; }>' is not assignable to type '{ readonly observers: Observer<Partial<FormState<FieldValues>> & { name?: string | undefined; values?: FieldValues | undefined; type?: EventType | undefined; }>[]; subscribe: (value: Observer<...>) => Subscription; unsubscribe: Noop; }'.
        Types of property 'observers' are incompatible.
          Type 'Observer<Partial<FormState<{ name: string; capacity?: number | null | undefined; class_master?: number | undefined; class_teacher?: string | null | undefined; info?: string | null | undefined; }>> & { ...; }>[]' is not assignable to type 'Observer<Partial<FormState<FieldValues>> & { name?: string | undefined; values?: FieldValues | undefined; type?: EventType | undefined; }>[]'.
            Type 'Observer<Partial<FormState<{ name: string; capacity?: number | null | undefined; class_master?: number | undefined; class_teacher?: string | null | undefined; info?: string | null | undefined; }>> & { ...; }>' is not assignable to type 'Observer<Partial<FormState<FieldValues>> & { name?: string | undefined; values?: FieldValues | undefined; type?: EventType | undefined; }>'.
              Type 'Partial<FormState<FieldValues>> & { name?: string | undefined; values?: FieldValues | undefined; type?: EventType | undefined; }' is not assignable to type 'Partial<FormState<{ name: string; capacity?: number | null | undefined; class_master?: number | undefined; class_teacher?: string | null | undefined; info?: string | null | undefined; }>> & { ...; }'.
                Type 'Partial<FormState<FieldValues>> & { name?: string | undefined; values?: FieldValues | undefined; type?: EventType | undefined; }' is not assignable to type '{ name?: string | undefined; values?: { name: string; capacity?: number | null | undefined; class_master?: number | undefined; class_teacher?: string | null | undefined; info?: string | null | undefined; } | undefined; type?: EventType | undefined; }'.
                  Types of property 'values' are incompatible.
                    Type 'FieldValues | undefined' is not assignable to type '{ name: string; capacity?: number | null | undefined; class_master?: number | undefined; class_teacher?: string | null | undefined; info?: string | null | undefined; } | undefined'.
                      Property 'name' is missing in type 'FieldValues' but required in type '{ name: string; capacity?: number | null | undefined; class_master?: number | undefined; class_teacher?: string | null | undefined; info?: string | null | undefined; }'.
client/src/features/leave/components/admin/edit-holiday-dialog.tsx(49,9): error TS2322: Type 'string' is not assignable to type '"NATIONAL_HOLIDAY" | "FESTIVAL" | "SECOND_SATURDAY" | "ORGANIZATION_HOLIDAY" | "OTHER"'.
client/src/features/leave/components/admin/holiday-form-fields.tsx(54,49): error TS2345: Argument of type 'string | undefined' is not assignable to parameter of type 'string | Date | null'.
  Type 'undefined' is not assignable to type 'string | Date | null'.
client/src/features/leave/components/admin/holiday-form-fields.tsx(126,49): error TS2345: Argument of type 'string | undefined' is not assignable to parameter of type 'string | Date | null'.
  Type 'undefined' is not assignable to type 'string | Date | null'.
client/src/features/leave/components/admin/leave-allocation-form.tsx(192,21): error TS2322: Type 'Control<{ effective_from: Date; roles: number[]; total_days: string; max_carry_forward_days: string; description?: string | undefined; name?: string | undefined; effective_to?: Date | undefined; leave_type?: number | undefined; }, any, { ...; }>' is not assignable to type 'Control<FieldValues>'.
  The types of '_subjects.state' are incompatible between these types.
    Type 'FormStateSubjectRef<{ effective_from: Date; roles: number[]; total_days: string; max_carry_forward_days: string; description?: string | undefined; name?: string | undefined; effective_to?: Date | undefined; leave_type?: number | undefined; }>' is not assignable to type 'FormStateSubjectRef<FieldValues>'.
      Type 'FormStateSubjectRef<{ effective_from: Date; roles: number[]; total_days: string; max_carry_forward_days: string; description?: string | undefined; name?: string | undefined; effective_to?: Date | undefined; leave_type?: number | undefined; }>' is not assignable to type '{ readonly observers: Observer<Partial<FormState<FieldValues>> & { name?: string | undefined; values?: FieldValues | undefined; type?: EventType | undefined; }>[]; subscribe: (value: Observer<...>) => Subscription; unsubscribe: Noop; }'.
        Types of property 'observers' are incompatible.
          Type 'Observer<Partial<FormState<{ effective_from: Date; roles: number[]; total_days: string; max_carry_forward_days: string; description?: string | undefined; name?: string | undefined; effective_to?: Date | undefined; leave_type?: number | undefined; }>> & { ...; }>[]' is not assignable to type 'Observer<Partial<FormState<FieldValues>> & { name?: string | undefined; values?: FieldValues | undefined; type?: EventType | undefined; }>[]'.
            Type 'Observer<Partial<FormState<{ effective_from: Date; roles: number[]; total_days: string; max_carry_forward_days: string; description?: string | undefined; name?: string | undefined; effective_to?: Date | undefined; leave_type?: number | undefined; }>> & { ...; }>' is not assignable to type 'Observer<Partial<FormState<FieldValues>> & { name?: string | undefined; values?: FieldValues | undefined; type?: EventType | undefined; }>'.
              Type 'Partial<FormState<FieldValues>> & { name?: string | undefined; values?: FieldValues | undefined; type?: EventType | undefined; }' is not assignable to type 'Partial<FormState<{ effective_from: Date; roles: number[]; total_days: string; max_carry_forward_days: string; description?: string | undefined; name?: string | undefined; effective_to?: Date | undefined; leave_type?: number | undefined; }>> & { ...; }'.
                Type 'Partial<FormState<FieldValues>> & { name?: string | undefined; values?: FieldValues | undefined; type?: EventType | undefined; }' is not assignable to type '{ name?: string | undefined; values?: { effective_from: Date; roles: number[]; total_days: string; max_carry_forward_days: string; description?: string | undefined; name?: string | undefined; effective_to?: Date | undefined; leave_type?: number | undefined; } | undefined; type?: EventType | undefined; }'.
                  Types of property 'values' are incompatible.
                    Type 'FieldValues | undefined' is not assignable to type '{ effective_from: Date; roles: number[]; total_days: string; max_carry_forward_days: string; description?: string | undefined; name?: string | undefined; effective_to?: Date | undefined; leave_type?: number | undefined; } | undefined'.
                      Type 'FieldValues' is missing the following properties from type '{ effective_from: Date; roles: number[]; total_days: string; max_carry_forward_days: string; description?: string | undefined; name?: string | undefined; effective_to?: Date | undefined; leave_type?: number | undefined; }': effective_from, roles, total_days, max_carry_forward_days
client/src/features/leave/components/admin/leave-allocation-form.tsx(281,39): error TS2322: Type 'Control<{ effective_from: Date; roles: number[]; total_days: string; max_carry_forward_days: string; description?: string | undefined; name?: string | undefined; effective_to?: Date | undefined; leave_type?: number | undefined; }, any, { ...; }>' is not assignable to type 'Control<FieldValues>'.
  The types of '_subjects.state' are incompatible between these types.
    Type 'FormStateSubjectRef<{ effective_from: Date; roles: number[]; total_days: string; max_carry_forward_days: string; description?: string | undefined; name?: string | undefined; effective_to?: Date | undefined; leave_type?: number | undefined; }>' is not assignable to type 'FormStateSubjectRef<FieldValues>'.
      Type 'FormStateSubjectRef<{ effective_from: Date; roles: number[]; total_days: string; max_carry_forward_days: string; description?: string | undefined; name?: string | undefined; effective_to?: Date | undefined; leave_type?: number | undefined; }>' is not assignable to type '{ readonly observers: Observer<Partial<FormState<FieldValues>> & { name?: string | undefined; values?: FieldValues | undefined; type?: EventType | undefined; }>[]; subscribe: (value: Observer<...>) => Subscription; unsubscribe: Noop; }'.
        Types of property 'observers' are incompatible.
          Type 'Observer<Partial<FormState<{ effective_from: Date; roles: number[]; total_days: string; max_carry_forward_days: string; description?: string | undefined; name?: string | undefined; effective_to?: Date | undefined; leave_type?: number | undefined; }>> & { ...; }>[]' is not assignable to type 'Observer<Partial<FormState<FieldValues>> & { name?: string | undefined; values?: FieldValues | undefined; type?: EventType | undefined; }>[]'.
            Type 'Observer<Partial<FormState<{ effective_from: Date; roles: number[]; total_days: string; max_carry_forward_days: string; description?: string | undefined; name?: string | undefined; effective_to?: Date | undefined; leave_type?: number | undefined; }>> & { ...; }>' is not assignable to type 'Observer<Partial<FormState<FieldValues>> & { name?: string | undefined; values?: FieldValues | undefined; type?: EventType | undefined; }>'.
              Type 'Partial<FormState<FieldValues>> & { name?: string | undefined; values?: FieldValues | undefined; type?: EventType | undefined; }' is not assignable to type 'Partial<FormState<{ effective_from: Date; roles: number[]; total_days: string; max_carry_forward_days: string; description?: string | undefined; name?: string | undefined; effective_to?: Date | undefined; leave_type?: number | undefined; }>> & { ...; }'.
                Type 'Partial<FormState<FieldValues>> & { name?: string | undefined; values?: FieldValues | undefined; type?: EventType | undefined; }' is not assignable to type '{ name?: string | undefined; values?: { effective_from: Date; roles: number[]; total_days: string; max_carry_forward_days: string; description?: string | undefined; name?: string | undefined; effective_to?: Date | undefined; leave_type?: number | undefined; } | undefined; type?: EventType | undefined; }'.
                  Types of property 'values' are incompatible.
                    Type 'FieldValues | undefined' is not assignable to type '{ effective_from: Date; roles: number[]; total_days: string; max_carry_forward_days: string; description?: string | undefined; name?: string | undefined; effective_to?: Date | undefined; leave_type?: number | undefined; } | undefined'.
                      Type 'FieldValues' is missing the following properties from type '{ effective_from: Date; roles: number[]; total_days: string; max_carry_forward_days: string; description?: string | undefined; name?: string | undefined; effective_to?: Date | undefined; leave_type?: number | undefined; }': effective_from, roles, total_days, max_carry_forward_days
client/src/features/leave/components/admin/leave-balance-dialog.tsx(71,34): error TS2339: Property 'leave_allocation_public_id' does not exist on type 'LeaveBalance'.
client/src/features/leave/components/admin/leave-balance-dialog.tsx(102,36): error TS2339: Property 'leave_allocation_public_id' does not exist on type 'LeaveBalance'.
client/src/features/leave/components/admin/leave-balance-dialog.tsx(201,55): error TS2339: Property 'leave_name' does not exist on type 'LeaveBalance'.
client/src/features/leave/components/admin/leave-balance-dialog.tsx(202,73): error TS2339: Property 'leave_type_code' does not exist on type 'LeaveBalance'.
client/src/features/leave/components/admin/leave-balance-dialog.tsx(251,58): error TS2345: Argument of type 'number' is not assignable to parameter of type 'string'.
client/src/features/leave/components/admin/manage-leave-balances.tsx(110,43): error TS2339: Property 'leave_allocation_public_id' does not exist on type 'LeaveBalance'.
client/src/features/leave/components/admin/manage-leave-balances.tsx(235,49): error TS2339: Property 'leave_name' does not exist on type 'LeaveBalance'.
client/src/features/leave/components/admin/manage-leave-balances.tsx(237,22): error TS2339: Property 'leave_type_code' does not exist on type 'LeaveBalance'.
client/src/features/leave/components/admin/manage-leave-balances.tsx(247,25): error TS2345: Argument of type 'number' is not assignable to parameter of type 'string'.
client/src/features/leave/components/admin/manage-leave-balances.tsx(259,25): error TS2345: Argument of type 'number' is not assignable to parameter of type 'string'.
client/src/features/leave/components/admin/manage-leave-balances.tsx(271,25): error TS2345: Argument of type 'number' is not assignable to parameter of type 'string'.
client/src/features/leave/components/admin/manage-leave-balances.tsx(282,22): error TS2345: Argument of type 'number' is not assignable to parameter of type 'string'.
client/src/features/leave/components/admin/manage-leave-balances.tsx(283,22): error TS2345: Argument of type 'number' is not assignable to parameter of type 'string'.
client/src/features/leave/components/admin/manage-leave-balances.tsx(284,22): error TS2345: Argument of type 'number' is not assignable to parameter of type 'string'.
client/src/features/leave/components/admin/organization-holiday-calendar.tsx(836,27): error TS2345: Argument of type '{ date: string; override_type: "FORCE_WORKING" | "FORCE_HOLIDAY"; is_applicable_to_all_classes: boolean; classes: string[]; reason: string; }' is not assignable to parameter of type 'CreateHolidayPayload'.
  Type '{ date: string; override_type: "FORCE_WORKING" | "FORCE_HOLIDAY"; is_applicable_to_all_classes: boolean; classes: string[]; reason: string; }' is missing the following properties from type 'CreateHolidayPayload': start_date, holiday_type, description
client/src/features/leave/components/admin/user-leave-balance-dialog.tsx(124,41): error TS2345: Argument of type 'number' is not assignable to parameter of type 'string'.
client/src/features/leave/components/admin/user-leave-balance-dialog.tsx(124,79): error TS2345: Argument of type 'number' is not assignable to parameter of type 'string'.
client/src/features/leave/components/admin/user-leave-balance-dialog.tsx(124,117): error TS2345: Argument of type 'number' is not assignable to parameter of type 'string'.
client/src/features/leave/components/admin/user-leave-balance-dialog.tsx(127,72): error TS2345: Argument of type 'number' is not assignable to parameter of type 'string'.
client/src/features/leave/components/admin/user-leave-balance-dialog.tsx(195,50): error TS2345: Argument of type 'number' is not assignable to parameter of type 'string'.
client/src/features/leave/components/admin/user-leave-balance-dialog.tsx(195,88): error TS2345: Argument of type 'number' is not assignable to parameter of type 'string'.
client/src/features/leave/components/admin/user-leave-balance-dialog.tsx(195,126): error TS2345: Argument of type 'number' is not assignable to parameter of type 'string'.
client/src/features/leave/components/admin/user-leave-balance-dialog.tsx(203,77): error TS2339: Property 'leave_name' does not exist on type 'LeaveBalanceSummary'.
client/src/features/leave/components/admin/user-leave-balance-dialog.tsx(219,70): error TS2345: Argument of type 'number' is not assignable to parameter of type 'string'.
client/src/features/leave/components/admin/user-leave-balance-dialog.tsx(224,43): error TS2345: Argument of type 'number' is not assignable to parameter of type 'string'.
client/src/features/leave/components/admin/user-leave-balance-dialog.tsx(230,43): error TS2345: Argument of type 'number' is not assignable to parameter of type 'string'.
client/src/features/leave/components/common/apply-leave-dialog.tsx(88,33): error TS2339: Property 'leave_balance' does not exist on type 'LeaveRequest'.
client/src/features/leave/components/common/apply-leave-dialog.tsx(91,31): error TS2339: Property 'is_half_day' does not exist on type 'LeaveRequest'.
client/src/features/leave/components/common/apply-leave-dialog.tsx(93,27): error TS2339: Property 'remarks' does not exist on type 'LeaveRequest'.
client/src/features/leave/components/common/apply-leave-dialog.tsx(158,29): error TS2345: Argument of type '{ reason: string; start_date: string; end_date: string; leave_balance: string; is_half_day: boolean; remarks?: string | undefined; }' is not assignable to parameter of type 'LeaveRequestPayload'.
  Property 'number_of_days' is missing in type '{ reason: string; start_date: string; end_date: string; leave_balance: string; is_half_day: boolean; remarks?: string | undefined; }' but required in type 'LeaveRequestPayload'.
client/src/features/leave/components/common/leave-balance-management.tsx(61,41): error TS2554: Expected 0 arguments, but got 1.
client/src/features/leave/components/common/leave-dashboard.tsx(89,56): error TS2339: Property 'user_name' does not exist on type 'LeaveBalanceSummary'.
client/src/features/leave/components/common/leave-request-detail-dialog.tsx(41,33): error TS2551: Property 'pending' does not exist on type '{ PENDING: { variant: "default"; className: string; }; APPROVED: { variant: "default"; className: string; }; REJECTED: { variant: "destructive"; className: string; }; CANCELLED: { variant: "secondary"; className: string; }; }'. Did you mean 'PENDING'?
client/src/features/leave/components/common/leave-request-detail-dialog.tsx(65,26): error TS2339: Property 'leave_balance' does not exist on type 'LeaveRequest'.
client/src/features/leave/components/common/leave-request-detail-dialog.tsx(98,24): error TS2339: Property 'total_days' does not exist on type 'LeaveRequest'.
client/src/features/leave/components/common/leave-request-detail-dialog.tsx(98,45): error TS2339: Property 'total_days' does not exist on type 'LeaveRequest'.
client/src/features/leave/components/common/leave-request-detail-dialog.tsx(99,24): error TS2339: Property 'is_half_day' does not exist on type 'LeaveRequest'.
client/src/features/leave/components/common/leave-request-detail-dialog.tsx(119,20): error TS2339: Property 'remarks' does not exist on type 'LeaveRequest'.
client/src/features/leave/components/common/leave-request-detail-dialog.tsx(125,47): error TS2339: Property 'remarks' does not exist on type 'LeaveRequest'.
client/src/features/leave/components/common/leave-request-detail-dialog.tsx(143,43): error TS2551: Property 'reviewed_by' does not exist on type 'LeaveRequest'. Did you mean 'reviewed_at'?
client/src/features/leave/components/common/leave-request-detail-dialog.tsx(154,60): error TS2551: Property 'reviewed_by' does not exist on type 'LeaveRequest'. Did you mean 'reviewed_at'?
client/src/features/leave/components/common/roles-checkbox-field.tsx(50,32): error TS7006: Parameter 'value' implicitly has an 'any' type.
client/src/features/students/components/admin/students-filters.tsx(16,15): error TS2305: Module '"@/lib/api/student-api"' has no exported member 'Class'.
client/src/features/students/components/admin/students-filters.tsx(16,22): error TS2305: Module '"@/lib/api/student-api"' has no exported member 'ClassMaster'.
client/src/features/students/components/common/minimal-student-fields.tsx(49,24): error TS18046: 'cls' is of type 'unknown'.
client/src/features/students/components/common/minimal-student-fields.tsx(50,27): error TS18046: 'cls' is of type 'unknown'.
client/src/features/students/components/common/minimal-student-fields.tsx(50,61): error TS18046: 'cls' is of type 'unknown'.
client/src/features/students/components/common/minimal-student-fields.tsx(55,15): error TS2322: Type 'Control<{ class_id: string; email: string; roll_number: string; first_name: string; last_name: string; guardian_email: string; supervisor_email: string; previous_school_name: string; previous_school_address: string; ... 20 more ...; medical_conditions?: string | undefined; }>' is not assignable to type 'Control<FieldValues>'.
  The types of '_subjects.state' are incompatible between these types.
    Type 'FormStateSubjectRef<{ class_id: string; email: string; roll_number: string; first_name: string; last_name: string; guardian_email: string; supervisor_email: string; previous_school_name: string; previous_school_address: string; ... 20 more ...; medical_conditions?: string | undefined; }>' is not assignable to type 'FormStateSubjectRef<FieldValues>'.
      Type 'FormStateSubjectRef<{ class_id: string; email: string; roll_number: string; first_name: string; last_name: string; guardian_email: string; supervisor_email: string; previous_school_name: string; previous_school_address: string; ... 20 more ...; medical_conditions?: string | undefined; }>' is not assignable to type '{ readonly observers: Observer<Partial<FormState<FieldValues>> & { name?: string | undefined; values?: FieldValues | undefined; type?: EventType | undefined; }>[]; subscribe: (value: Observer<...>) => Subscription; unsubscribe: Noop; }'.
        Types of property 'observers' are incompatible.
          Type 'Observer<Partial<FormState<{ class_id: string; email: string; roll_number: string; first_name: string; last_name: string; guardian_email: string; supervisor_email: string; previous_school_name: string; previous_school_address: string; ... 20 more ...; medical_conditions?: string | undefined; }>> & { ...; }>[]' is not assignable to type 'Observer<Partial<FormState<FieldValues>> & { name?: string | undefined; values?: FieldValues | undefined; type?: EventType | undefined; }>[]'.
            Type 'Observer<Partial<FormState<{ class_id: string; email: string; roll_number: string; first_name: string; last_name: string; guardian_email: string; supervisor_email: string; previous_school_name: string; previous_school_address: string; ... 20 more ...; medical_conditions?: string | undefined; }>> & { ...; }>' is not assignable to type 'Observer<Partial<FormState<FieldValues>> & { name?: string | undefined; values?: FieldValues | undefined; type?: EventType | undefined; }>'.
              Type 'Partial<FormState<FieldValues>> & { name?: string | undefined; values?: FieldValues | undefined; type?: EventType | undefined; }' is not assignable to type 'Partial<FormState<{ class_id: string; email: string; roll_number: string; first_name: string; last_name: string; guardian_email: string; supervisor_email: string; previous_school_name: string; previous_school_address: string; ... 20 more ...; medical_conditions?: string | undefined; }>> & { ...; }'.
                Type 'Partial<FormState<FieldValues>> & { name?: string | undefined; values?: FieldValues | undefined; type?: EventType | undefined; }' is not assignable to type '{ name?: string | undefined; values?: { class_id: string; email: string; roll_number: string; first_name: string; last_name: string; guardian_email: string; supervisor_email: string; previous_school_name: string; ... 21 more ...; medical_conditions?: string | undefined; } | undefined; type?: EventType | undefined; }'.
                  Types of property 'values' are incompatible.
                    Type 'FieldValues | undefined' is not assignable to type '{ class_id: string; email: string; roll_number: string; first_name: string; last_name: string; guardian_email: string; supervisor_email: string; previous_school_name: string; previous_school_address: string; ... 20 more ...; medical_conditions?: string | undefined; } | undefined'.
                      Type 'FieldValues' is missing the following properties from type '{ class_id: string; email: string; roll_number: string; first_name: string; last_name: string; guardian_email: string; supervisor_email: string; previous_school_name: string; previous_school_address: string; ... 20 more ...; medical_conditions?: string | undefined; }': class_id, email, roll_number, first_name, and 12 more.
client/src/features/students/components/common/minimal-student-fields.tsx(61,59): error TS2339: Property 'class_assigned' does not exist on type '{}'.
client/src/features/students/components/common/minimal-student-fields.tsx(64,62): error TS2339: Property 'class_assigned' does not exist on type '{}'.
client/src/features/students/components/common/minimal-student-fields.tsx(65,32): error TS2339: Property 'class_assigned' does not exist on type '{}'.
client/src/features/students/index.ts(20,8): error TS2459: Module '"./helpers/student-form-helpers"' declares 'StudentCreatePayload' locally, but it is not exported.
client/src/features/students/index.ts(21,8): error TS2459: Module '"./helpers/student-form-helpers"' declares 'StudentUpdatePayload' locally, but it is not exported.
client/src/features/subjects/components/admin/bulk-upload-subjects.tsx(21,7): error TS2322: Type '(file: File) => Promise<unknown>' is not assignable to type '(file: File) => Promise<BulkUploadResponse>'.
  Type 'Promise<unknown>' is not assignable to type 'Promise<BulkUploadResponse>'.
    Type 'unknown' is not assignable to type 'BulkUploadResponse'.
client/src/features/subjects/components/admin/single-subject-form.tsx(101,8): error TS2352: Conversion of type 'undefined' to type 'Record<string, unknown>' may be a mistake because neither type sufficiently overlaps with the other. If this was intentional, convert the expression to 'unknown' first.
client/src/features/subjects/components/admin/single-subject-form.tsx(108,29): error TS2339: Property 'class_info' does not exist on type '{}'.
client/src/features/subjects/components/admin/single-subject-form.tsx(109,31): error TS2339: Property 'subject_info' does not exist on type '{}'.
client/src/features/subjects/components/admin/single-subject-form.tsx(110,31): error TS2339: Property 'teacher_info' does not exist on type '{}'.
client/src/features/subjects/components/admin/single-subject-form.tsx(111,32): error TS2339: Property 'description' does not exist on type '{}'.
client/src/features/subjects/components/admin/single-subject-form.tsx(124,36): error TS2339: Property 'class_info' does not exist on type '{}'.
client/src/features/subjects/components/admin/single-subject-form.tsx(124,62): error TS2339: Property 'subject_info' does not exist on type '{}'.
client/src/features/subjects/components/admin/single-subject-form.tsx(126,31): error TS2339: Property 'class_info' does not exist on type '{}'.
client/src/features/subjects/components/admin/single-subject-form.tsx(127,33): error TS2339: Property 'subject_info' does not exist on type '{}'.
client/src/features/subjects/components/admin/single-subject-form.tsx(128,33): error TS2339: Property 'teacher_info' does not exist on type '{}'.
client/src/features/subjects/components/admin/single-subject-form.tsx(129,34): error TS2339: Property 'description' does not exist on type '{}'.
client/src/features/subjects/components/admin/single-subject-form.tsx(178,37): error TS2339: Property 'public_id' does not exist on type '{}'.
client/src/features/subjects/components/admin/single-subject-form.tsx(215,9): error TS2322: Type 'string | undefined' is not assignable to type 'string'.
  Type 'undefined' is not assignable to type 'string'.
client/src/features/subjects/components/admin/single-subject-form.tsx(291,43): error TS2339: Property 'map' does not exist on type '{}'.
client/src/features/subjects/components/admin/subjects-list.tsx(168,8): error TS2352: Conversion of type 'undefined' to type 'Record<string, unknown>' may be a mistake because neither type sufficiently overlaps with the other. If this was intentional, convert the expression to 'unknown' first.
client/src/features/subjects/components/admin/subjects-list.tsx(193,29): error TS2339: Property 'map' does not exist on type '{}'.
client/src/features/subjects/hooks/use-subjects.ts(82,31): error TS2339: Property 'message' does not exist on type '{}'.
client/src/features/subjects/hooks/use-subjects.ts(123,31): error TS2339: Property 'message' does not exist on type '{}'.
client/src/features/subjects/hooks/use-subjects.ts(163,31): error TS2339: Property 'message' does not exist on type '{}'.
client/src/features/teachers/components/bulk-upload-teachers.tsx(29,7): error TS2322: Type '(file: File) => Promise<unknown>' is not assignable to type '(file: File) => Promise<BulkUploadResponse>'.
  Type 'Promise<unknown>' is not assignable to type 'Promise<BulkUploadResponse>'.
    Type 'unknown' is not assignable to type 'BulkUploadResponse'.
client/src/features/teachers/components/common/teacher-form.tsx(13,41): error TS2307: Cannot find module '@/features/teachers/helpers/teacher-form-helpers' or its corresponding type declarations.
client/src/features/teachers/components/common/teacher-form.tsx(14,37): error TS2307: Cannot find module '@/features/teachers/hooks/use-teacher-form-logic' or its corresponding type declarations.
client/src/features/teachers/components/common/teacher-form.tsx(20,41): error TS2307: Cannot find module './multi-teacher-form-section' or its corresponding type declarations.
client/src/features/teachers/components/common/teacher-form.tsx(21,42): error TS2307: Cannot find module './single-teacher-form-section' or its corresponding type declarations.
client/src/features/teachers/components/common/teacher-form.tsx(22,36): error TS2307: Cannot find module './teacher-form-actions' or its corresponding type declarations.
client/src/features/teachers/components/common/teacher-form.tsx(23,35): error TS2307: Cannot find module './teacher-form-header' or its corresponding type declarations.
client/src/features/teachers/components/common/teacher-form.tsx(68,75): error TS2339: Property 'organization_role' does not exist on type 'Teacher'.
client/src/features/teachers/components/common/teacher-form.tsx(73,58): error TS2339: Property 'organization_role' does not exist on type 'Teacher'.
client/src/features/teachers/components/full-teacher-fields.tsx(94,30): error TS2322: Type 'Control<{ email: string; gender: string; employee_id: string; first_name: string; last_name: string; organization_role?: string | undefined; phone?: string | undefined; date_of_birth?: string | undefined; ... 14 more ...; emergency_contact_number?: string | undefined; }>' is not assignable to type 'Control<FieldValues>'.
  The types of '_subjects.state' are incompatible between these types.
    Type 'FormStateSubjectRef<{ email: string; gender: string; employee_id: string; first_name: string; last_name: string; organization_role?: string | undefined; phone?: string | undefined; date_of_birth?: string | undefined; ... 14 more ...; emergency_contact_number?: string | undefined; }>' is not assignable to type 'FormStateSubjectRef<FieldValues>'.
      Type 'FormStateSubjectRef<{ email: string; gender: string; employee_id: string; first_name: string; last_name: string; organization_role?: string | undefined; phone?: string | undefined; date_of_birth?: string | undefined; ... 14 more ...; emergency_contact_number?: string | undefined; }>' is not assignable to type '{ readonly observers: Observer<Partial<FormState<FieldValues>> & { name?: string | undefined; values?: FieldValues | undefined; type?: EventType | undefined; }>[]; subscribe: (value: Observer<...>) => Subscription; unsubscribe: Noop; }'.
        Types of property 'observers' are incompatible.
          Type 'Observer<Partial<FormState<{ email: string; gender: string; employee_id: string; first_name: string; last_name: string; organization_role?: string | undefined; phone?: string | undefined; date_of_birth?: string | undefined; ... 14 more ...; emergency_contact_number?: string | undefined; }>> & { ...; }>[]' is not assignable to type 'Observer<Partial<FormState<FieldValues>> & { name?: string | undefined; values?: FieldValues | undefined; type?: EventType | undefined; }>[]'.
            Type 'Observer<Partial<FormState<{ email: string; gender: string; employee_id: string; first_name: string; last_name: string; organization_role?: string | undefined; phone?: string | undefined; date_of_birth?: string | undefined; ... 14 more ...; emergency_contact_number?: string | undefined; }>> & { ...; }>' is not assignable to type 'Observer<Partial<FormState<FieldValues>> & { name?: string | undefined; values?: FieldValues | undefined; type?: EventType | undefined; }>'.
              Type 'Partial<FormState<FieldValues>> & { name?: string | undefined; values?: FieldValues | undefined; type?: EventType | undefined; }' is not assignable to type 'Partial<FormState<{ email: string; gender: string; employee_id: string; first_name: string; last_name: string; organization_role?: string | undefined; phone?: string | undefined; date_of_birth?: string | undefined; ... 14 more ...; emergency_contact_number?: string | undefined; }>> & { ...; }'.
                Type 'Partial<FormState<FieldValues>> & { name?: string | undefined; values?: FieldValues | undefined; type?: EventType | undefined; }' is not assignable to type '{ name?: string | undefined; values?: { email: string; gender: string; employee_id: string; first_name: string; last_name: string; organization_role?: string | undefined; phone?: string | undefined; ... 15 more ...; emergency_contact_number?: string | undefined; } | undefined; type?: EventType | undefined; }'.
                  Types of property 'values' are incompatible.
                    Type 'FieldValues | undefined' is not assignable to type '{ email: string; gender: string; employee_id: string; first_name: string; last_name: string; organization_role?: string | undefined; phone?: string | undefined; date_of_birth?: string | undefined; ... 14 more ...; emergency_contact_number?: string | undefined; } | undefined'.
                      Type 'FieldValues' is missing the following properties from type '{ email: string; gender: string; employee_id: string; first_name: string; last_name: string; organization_role?: string | undefined; phone?: string | undefined; date_of_birth?: string | undefined; ... 14 more ...; emergency_contact_number?: string | undefined; }': email, gender, employee_id, first_name, last_name
client/src/features/teachers/components/teacher-form.tsx(210,15): error TS2322: Type '(address: { streetAddress?: string; city?: string; state?: string; zipCode?: string; country?: string; }) => void' is not assignable to type '(address: unknown) => void'.
  Types of parameters 'address' and 'address' are incompatible.
    Type 'unknown' is not assignable to type '{ streetAddress?: string | undefined; city?: string | undefined; state?: string | undefined; zipCode?: string | undefined; country?: string | undefined; }'.
client/src/hooks/use-holiday-mutations.ts(54,31): error TS2339: Property 'message' does not exist on type '{}'.
client/src/hooks/use-holiday-mutations.ts(97,31): error TS2339: Property 'message' does not exist on type '{}'.
client/src/hooks/use-holiday-mutations.ts(138,31): error TS2339: Property 'message' does not exist on type '{}'.
client/src/hooks/use-holiday-mutations.ts(178,31): error TS2339: Property 'message' does not exist on type '{}'.
client/src/lib/api/class-api.ts(205,26): error TS2339: Property 'has_deleted_duplicate' does not exist on type '{}'.
client/src/lib/api/class-api.ts(206,26): error TS2339: Property 'has_deleted_duplicate' does not exist on type '{}'.
client/src/lib/api/class-api.ts(211,40): error TS2339: Property 'detail' does not exist on type '{}'.
client/src/lib/api/class-api.ts(211,67): error TS2339: Property 'detail' does not exist on type '{}'.
client/src/lib/api/class-api.ts(212,43): error TS2339: Property 'detail' does not exist on type '{}'.
client/src/lib/api/class-api.ts(227,29): error TS18046: 'response.errors' is of type 'unknown'.
client/src/lib/api/class-api.ts(274,28): error TS7053: Element implicitly has an 'any' type because expression of type 'string' can't be used to index type '{}'.
  No index signature with a parameter of type 'string' was found on type '{}'.
client/src/lib/api/leave-api.ts(311,28): error TS7053: Element implicitly has an 'any' type because expression of type 'string' can't be used to index type '{}'.
  No index signature with a parameter of type 'string' was found on type '{}'.
client/src/lib/api/leave-api.ts(415,28): error TS7053: Element implicitly has an 'any' type because expression of type 'string' can't be used to index type '{}'.
  No index signature with a parameter of type 'string' was found on type '{}'.
client/src/lib/api/leave-api.ts(682,27): error TS2339: Property 'non_field_errors' does not exist on type '{}'.
client/src/lib/api/leave-api.ts(682,77): error TS2339: Property 'non_field_errors' does not exist on type '{}'.
client/src/lib/api/leave-api.ts(683,43): error TS2339: Property 'non_field_errors' does not exist on type '{}'.
client/src/lib/api/leave-api.ts(730,27): error TS2339: Property 'non_field_errors' does not exist on type '{}'.
client/src/lib/api/leave-api.ts(730,77): error TS2339: Property 'non_field_errors' does not exist on type '{}'.
client/src/lib/api/leave-api.ts(731,43): error TS2339: Property 'non_field_errors' does not exist on type '{}'.
client/src/lib/api/leave-api.ts(813,28): error TS7053: Element implicitly has an 'any' type because expression of type 'string' can't be used to index type '{}'.
  No index signature with a parameter of type 'string' was found on type '{}'.
client/src/lib/api/leave-api.ts(849,28): error TS7053: Element implicitly has an 'any' type because expression of type 'string' can't be used to index type '{}'.
  No index signature with a parameter of type 'string' was found on type '{}'.
client/src/lib/error-utils.ts(70,7): error TS18046: 'errorObj' is of type 'unknown'.
client/src/lib/error-utils.ts(71,45): error TS18046: 'errorObj' is of type 'unknown'.
client/src/lib/error-utils.ts(74,7): error TS18046: 'errorObj' is of type 'unknown'.
client/src/lib/error-utils.ts(75,20): error TS18046: 'errorObj' is of type 'unknown'.
client/src/lib/error-utils.ts(96,7): error TS18046: 'errorObj' is of type 'unknown'.
client/src/lib/error-utils.ts(97,45): error TS18046: 'errorObj' is of type 'unknown'.
client/src/lib/error-utils.ts(100,7): error TS18046: 'errorObj' is of type 'unknown'.
client/src/lib/error-utils.ts(100,24): error TS18046: 'errorObj' is of type 'unknown'.
client/src/lib/error-utils.ts(101,18): error TS18046: 'errorObj' is of type 'unknown'.
client/src/lib/error-utils.ts(101,35): error TS18046: 'errorObj' is of type 'unknown'.
client/src/lib/error-utils.ts(177,25): error TS2339: Property 'message' does not exist on type '{}'.
client/src/lib/error-utils.ts(209,32): error TS2339: Property 'errors' does not exist on type '{}'.
client/src/lib/error-utils.ts(210,27): error TS2339: Property 'errors' does not exist on type '{}'.
client/src/lib/error-utils.ts(215,14): error TS2339: Property 'has_deleted_duplicate' does not exist on type '{}'.
client/src/lib/error-utils.ts(216,14): error TS2339: Property 'has_deleted_duplicate' does not exist on type '{}'.
client/src/lib/error-utils.ts(220,28): error TS2339: Property 'detail' does not exist on type '{}'.
client/src/lib/error-utils.ts(220,46): error TS2339: Property 'detail' does not exist on type '{}'.
client/src/lib/error-utils.ts(221,32): error TS2339: Property 'detail' does not exist on type '{}'.
client/src/lib/error-utils.ts(236,32): error TS2339: Property 'errors' does not exist on type '{}'.
client/src/lib/error-utils.ts(237,27): error TS2339: Property 'errors' does not exist on type '{}'.
client/src/lib/error-utils.ts(244,14): error TS2339: Property 'non_field_errors' does not exist on type '{}'.
client/src/lib/error-utils.ts(245,19): error TS2339: Property 'non_field_errors' does not exist on type '{}'.
client/src/lib/error-utils.ts(248,28): error TS2339: Property 'detail' does not exist on type '{}'.
client/src/lib/error-utils.ts(248,46): error TS2339: Property 'detail' does not exist on type '{}'.
client/src/lib/error-utils.ts(249,32): error TS2339: Property 'detail' does not exist on type '{}'.
client/src/lib/error-utils.ts(265,32): error TS2339: Property 'errors' does not exist on type '{}'.
client/src/lib/error-utils.ts(266,27): error TS2339: Property 'errors' does not exist on type '{}'.
client/src/lib/error-utils.ts(271,14): error TS2339: Property 'deleted_record_id' does not exist on type '{}'.
client/src/lib/error-utils.ts(272,19): error TS2339: Property 'deleted_record_id' does not exist on type '{}'.
client/src/lib/error-utils.ts(275,28): error TS2339: Property 'detail' does not exist on type '{}'.
client/src/lib/error-utils.ts(275,46): error TS2339: Property 'detail' does not exist on type '{}'.
client/src/lib/error-utils.ts(276,32): error TS2339: Property 'detail' does not exist on type '{}'.
client/src/lib/error-utils.ts(291,46): error TS2339: Property 'errors' does not exist on type '{}'.
client/src/lib/error-utils.ts(294,5): error TS2322: Type '{}' is not assignable to type 'string'.
client/src/lib/error-utils.ts(330,3): error TS2322: Type '{}' is not assignable to type 'string'.
client/src/lib/error-utils.ts(342,48): error TS2339: Property 'errors' does not exist on type '{}'.
client/src/lib/google-places.ts(66,47): error TS2503: Cannot find namespace 'google'.
client/src/lib/google-places.ts(85,37): error TS7006: Parameter 'component' implicitly has an 'any' type.
client/src/lib/google-places.ts(127,13): error TS2503: Cannot find namespace 'google'.
client/src/lib/google-places.ts(128,4): error TS2503: Cannot find namespace 'google'.
client/src/lib/google-places.ts(129,25): error TS2503: Cannot find namespace 'google'.
client/src/lib/google-places.ts(136,28): error TS2304: Cannot find name 'google'.
client/src/lib/google-places.ts(156,21): error TS2304: Cannot find name 'google'.
client/src/lib/utils/form-utils.ts(131,30): error TS2339: Property 'message' does not exist on type '{}'.
client/src/lib/utils/form-utils.ts(163,7): error TS18046: 'cleaned' is of type 'unknown'.
client/src/lib/utils/form-utils.ts(181,9): error TS2862: Type 'T' is generic and can only be indexed for reading.
client/src/lib/utils/index.ts(2,1): error TS2308: Module "./form-utils" has already exported a member named 'ApiResponse'. Consider explicitly re-exporting to resolve the ambiguity.
client/src/lib/utils/index.ts(2,1): error TS2308: Module "./form-utils" has already exported a member named 'PaginatedApiResponse'. Consider explicitly re-exporting to resolve the ambiguity.
client/src/lib/utils/index.ts(4,1): error TS2308: Module "./form-utils" has already exported a member named 'formatDateForInput'. Consider explicitly re-exporting to resolve the ambiguity.
client/src/lib/utils/index.ts(4,1): error TS2308: Module "./form-utils" has already exported a member named 'parseLocalDate'. Consider explicitly re-exporting to resolve the ambiguity.
client/src/lib/utils/index.ts(4,1): error TS2308: Module "./holiday-utils" has already exported a member named 'formatDateRange'. Consider explicitly re-exporting to resolve the ambiguity.
client/src/modules/admin/pages/leave-balances-page.tsx(1,33): error TS2307: Cannot find module '@/components/layout/dashboard-layout' or its corresponding type declarations.
client/src/modules/admin/pages/leave-balances-page.tsx(2,29): error TS2307: Cannot find module '@/components/layout/page-wrapper' or its corresponding type declarations.
